...........................................F...........F.F..F.....       [100%]
============================== warnings summary ===============================
app\models\graph.py:28
  D:\OAG\backend\app\models\graph.py:28: PydanticDeprecatedSince20: Support for class-based `config` is deprecated, use ConfigDict instead. Deprecated in Pydantic V2.0 to be removed in V3.0. See Pydantic V2 Migration Guide at https://errors.pydantic.dev/2.12/migration/
    class GraphNode(BaseModel):

app\models\graph.py:52
  D:\OAG\backend\app\models\graph.py:52: UserWarning: Field name "schema" in "TableInfo" shadows an attribute in parent "BaseModel"
    class TableInfo(BaseModel):

app\core\config.py:4
  D:\OAG\backend\app\core\config.py:4: PydanticDeprecatedSince20: Support for class-based `config` is deprecated, use ConfigDict instead. Deprecated in Pydantic V2.0 to be removed in V3.0. See Pydantic V2 Migration Guide at https://errors.pydantic.dev/2.12/migration/
    class Settings(BaseSettings):

app\main.py:43
  D:\OAG\backend\app\main.py:43: DeprecationWarning: 
          on_event is deprecated, use lifespan event handlers instead.
  
          Read more about it in the
          [FastAPI docs for Lifespan Events](https://fastapi.tiangolo.com/advanced/events/).
          
    @app.on_event("startup")

C:\Users\wangw\AppData\Roaming\Python\Python313\site-packages\fastapi\applications.py:4599
C:\Users\wangw\AppData\Roaming\Python\Python313\site-packages\fastapi\applications.py:4599
  C:\Users\wangw\AppData\Roaming\Python\Python313\site-packages\fastapi\applications.py:4599: DeprecationWarning: 
          on_event is deprecated, use lifespan event handlers instead.
  
          Read more about it in the
          [FastAPI docs for Lifespan Events](https://fastapi.tiangolo.com/advanced/events/).
          
    return self.router.on_event(event_type)

app\main.py:73
  D:\OAG\backend\app\main.py:73: DeprecationWarning: 
          on_event is deprecated, use lifespan event handlers instead.
  
          Read more about it in the
          [FastAPI docs for Lifespan Events](https://fastapi.tiangolo.com/advanced/events/).
          
    @app.on_event("shutdown")

tests/test_graph_service_error_handling.py::TestTransactionRollback::test_transaction_commit_on_success
  D:\OAG\backend\app\services\graph_service.py:238: RuntimeWarning: coroutine 'AsyncMockMixin._execute_mock_call' was never awaited
    async for record in result:
  Enable tracemalloc to get traceback where the object was allocated.
  See https://docs.pytest.org/en/stable/how-to/capture-warnings.html#resource-warnings for more info.

-- Docs: https://docs.pytest.org/en/stable/how-to/capture-warnings.html
=========================== short test summary info ===========================
FAILED tests/test_graph_service_error_handling.py::TestTransactionRollback::test_transaction_commit_on_success
FAILED tests/test_chat_project_reference.py::TestChatProjectReference::test_chat_with_invalid_project_reference_returns_400
FAILED tests/test_chat_project_reference.py::TestChatProjectReference::test_chat_with_mixed_valid_invalid_references
FAILED tests/test_chat_project_reference.py::TestChatAPIErrorHandling::test_chat_handles_neo4j_connection_error
4 failed, 62 passed, 8 warnings in 35.23s
